E:/Eduardo/STM32/Temp_Hum_uartF103rb/Core/Src/DHT/mk_dht11.c:18:6:init_dht11	24	static
E:/Eduardo/STM32/Temp_Hum_uartF103rb/Core/Src/DHT/mk_dht11.c:29:6:set_dht11_gpio_mode	32	static
E:/Eduardo/STM32/Temp_Hum_uartF103rb/Core/Src/DHT/mk_dht11.c:55:9:readDHT11	88	static,ignoring_inline_asm
../Drivers/STM32F1xx_HAL_Driver/Src/stm32f1xx_hal_flash.c:166:19:HAL_FLASH_Program	48	static
../Drivers/STM32F1xx_HAL_Driver/Src/stm32f1xx_hal_flash.c:265:19:HAL_FLASH_Program_IT	32	static
../Drivers/STM32F1xx_HAL_Driver/Src/stm32f1xx_hal_flash.c:327:6:HAL_FLASH_IRQHandler	16	static
../Drivers/STM32F1xx_HAL_Driver/Src/stm32f1xx_hal_flash.c:599:13:HAL_FLASH_EndOfOperationCallback	16	static
../Drivers/STM32F1xx_HAL_Driver/Src/stm32f1xx_hal_flash.c:617:13:HAL_FLASH_OperationErrorCallback	16	static
../Drivers/STM32F1xx_HAL_Driver/Src/stm32f1xx_hal_flash.c:650:19:HAL_FLASH_Unlock	16	static
../Drivers/STM32F1xx_HAL_Driver/Src/stm32f1xx_hal_flash.c:688:19:HAL_FLASH_Lock	4	static
../Drivers/STM32F1xx_HAL_Driver/Src/stm32f1xx_hal_flash.c:705:19:HAL_FLASH_OB_Unlock	4	static
../Drivers/STM32F1xx_HAL_Driver/Src/stm32f1xx_hal_flash.c:725:19:HAL_FLASH_OB_Lock	4	static
../Drivers/STM32F1xx_HAL_Driver/Src/stm32f1xx_hal_flash.c:738:6:HAL_FLASH_OB_Launch	8	static
../Drivers/STM32F1xx_HAL_Driver/Src/stm32f1xx_hal_flash.c:767:10:HAL_FLASH_GetError	4	static
../Drivers/STM32F1xx_HAL_Driver/Src/stm32f1xx_hal_flash.c:790:13:FLASH_Program_HalfWord	16	static
../Drivers/STM32F1xx_HAL_Driver/Src/stm32f1xx_hal_flash.c:819:19:FLASH_WaitForLastOperation	24	static
../Drivers/STM32F1xx_HAL_Driver/Src/stm32f1xx_hal_flash.c:907:13:FLASH_SetErrorCode	16	static
