E:/Eduardo/STM32/Temp_Hum_uartF103rb/Core/Src/DHT/mk_dht11.c:18:6:init_dht11	24	static
E:/Eduardo/STM32/Temp_Hum_uartF103rb/Core/Src/DHT/mk_dht11.c:29:6:set_dht11_gpio_mode	32	static
E:/Eduardo/STM32/Temp_Hum_uartF103rb/Core/Src/DHT/mk_dht11.c:55:9:readDHT11	88	static,ignoring_inline_asm
../Core/Src/main.c:74:5:main	8	static
../Core/Src/main.c:122:6:SystemClock_Config	72	static
../Core/Src/main.c:161:13:MX_TIM2_Init	32	static
../Core/Src/main.c:206:13:MX_USART2_UART_Init	8	static
../Core/Src/main.c:239:13:MX_GPIO_Init	40	static
../Core/Src/main.c:289:6:Error_Handler	4	static,ignoring_inline_asm
