E:/Eduardo/STM32/Temp_Hum_uartF103rb/Core/Src/DHT/mk_dht11.c:18:6:init_dht11	24	static
E:/Eduardo/STM32/Temp_Hum_uartF103rb/Core/Src/DHT/mk_dht11.c:29:6:set_dht11_gpio_mode	32	static
E:/Eduardo/STM32/Temp_Hum_uartF103rb/Core/Src/DHT/mk_dht11.c:55:9:readDHT11	88	static,ignoring_inline_asm
../Core/Src/stm32f1xx_it.c:69:6:NMI_Handler	4	static
../Core/Src/stm32f1xx_it.c:84:6:HardFault_Handler	4	static
../Core/Src/stm32f1xx_it.c:99:6:MemManage_Handler	4	static
../Core/Src/stm32f1xx_it.c:114:6:BusFault_Handler	4	static
../Core/Src/stm32f1xx_it.c:129:6:UsageFault_Handler	4	static
../Core/Src/stm32f1xx_it.c:144:6:SVC_Handler	4	static
../Core/Src/stm32f1xx_it.c:157:6:DebugMon_Handler	4	static
../Core/Src/stm32f1xx_it.c:170:6:PendSV_Handler	4	static
../Core/Src/stm32f1xx_it.c:183:6:SysTick_Handler	8	static
../Core/Src/stm32f1xx_it.c:204:6:EXTI15_10_IRQHandler	8	static
